node.exe : (node:32408) 
ExperimentalWarning: 
CommonJS module C:\Users\
HP\AppData\Roaming\npm\no
de_modules\npm\node_modul
es\debug\src\node.js is 
loading ES Module C:\User
s\HP\AppData\Roaming\npm\
node_modules\npm\node_mod
ules\supports-color\index
.js using require().
At C:\Program 
Files\nodejs\npx.ps1:29 
char:3
+   & $NODE_EXE 
$NPX_CLI_JS $args
+   ~~~~~~~~~~~~~~~~~~~~~
~~~~~~~~
    + CategoryInfo       
       : NotSpecified:   
  ((node:32408) Ex...s   
 ing require().:Strin    
g) [], RemoteExcepti    
on
    + FullyQualifiedErro 
   rId : NativeCommandE  
  rror
 
Support for loading ES 
Module in require() is 
an experimental feature 
and might change at any 
time
(Use `node 
--trace-warnings ...` to 
show where the warning 
was created)
src/common/adapters/redis-io.adapter.ts(3,31): error TS2307: Cannot find module '@socket.io/redis-adapter' or its corresponding type declarations.
src/modules/submissions/submissions.repository.ts(35,9): error TS2353: Object literal may only specify known properties, and 'content' does not exist in type 'Without<SubmissionCreateInput, SubmissionUncheckedCreateInput> & SubmissionUncheckedCreateInput'.
src/modules/submissions/submissions.repository.ts(41,9): error TS2353: Object literal may only specify known properties, and 'content' does not exist in type '(Without<SubmissionUpdateInput, SubmissionUncheckedUpdateInput> & SubmissionUncheckedUpdateInput) | (Without<...> & SubmissionUpdateInput)'.
src/modules/uploads/uploads.service.ts(80,9): error TS2353: Object literal may only specify known properties, and 'userId' does not exist in type 'Without<UploadedFileCreateInput, UploadedFileUncheckedCreateInput> & UploadedFileUncheckedCreateInput'.
src/modules/uploads/uploads.service.ts(109,73): error TS2353: Object literal may only specify known properties, and 'scanStatus' does not exist in type '(Without<UploadedFileUpdateManyMutationInput, UploadedFileUncheckedUpdateManyInput> & UploadedFileUncheckedUpdateManyInput) | (Without<...> & UploadedFileUpdateManyMutationInput)'.
